QA output created by 1388
Format and populate
Fuzz AGF
Done fuzzing AGF
