QA output created by 1390
Format and populate
Fuzz AGI
re-mount failed (32) with magicnum = zeroes.
re-repair failed (1) with magicnum = zeroes.
re-mount failed (32) with magicnum = ones.
re-repair failed (1) with magicnum = ones.
re-mount failed (32) with magicnum = firstbit.
re-repair failed (1) with magicnum = firstbit.
re-mount failed (32) with magicnum = middlebit.
re-repair failed (1) with magicnum = middlebit.
re-mount failed (32) with magicnum = lastbit.
re-repair failed (1) with magicnum = lastbit.
re-mount failed (32) with magicnum = add.
re-repair failed (1) with magicnum = add.
re-mount failed (32) with magicnum = sub.
re-repair failed (1) with magicnum = sub.
re-mount failed (32) with magicnum = random.
re-repair failed (1) with magicnum = random.
re-mount failed (32) with versionnum = zeroes.
re-repair failed (1) with versionnum = zeroes.
re-mount failed (32) with versionnum = ones.
re-repair failed (1) with versionnum = ones.
re-mount failed (32) with versionnum = firstbit.
re-repair failed (1) with versionnum = firstbit.
re-mount failed (32) with versionnum = middlebit.
re-repair failed (1) with versionnum = middlebit.
re-mount failed (32) with versionnum = lastbit.
re-repair failed (1) with versionnum = lastbit.
re-mount failed (32) with versionnum = add.
re-repair failed (1) with versionnum = add.
re-mount failed (32) with versionnum = sub.
re-repair failed (1) with versionnum = sub.
re-mount failed (32) with versionnum = random.
re-repair failed (1) with versionnum = random.
re-mount failed (32) with seqno = ones.
re-repair failed (1) with seqno = ones.
re-mount failed (32) with seqno = firstbit.
re-repair failed (1) with seqno = firstbit.
re-mount failed (32) with seqno = middlebit.
re-repair failed (1) with seqno = middlebit.
re-mount failed (32) with seqno = lastbit.
re-repair failed (1) with seqno = lastbit.
re-mount failed (32) with seqno = add.
re-repair failed (1) with seqno = add.
re-mount failed (32) with seqno = sub.
re-repair failed (1) with seqno = sub.
re-mount failed (32) with seqno = random.
re-repair failed (1) with seqno = random.
re-repair failed (1) with length = zeroes.
re-repair failed (1) with length = ones.
re-repair failed (1) with length = firstbit.
re-repair failed (1) with length = middlebit.
re-repair failed (1) with length = lastbit.
re-repair failed (1) with length = add.
re-repair failed (1) with length = sub.
re-repair failed (1) with length = random.
re-repair failed (1) with count = zeroes.
re-repair failed (1) with count = ones.
re-repair failed (1) with count = firstbit.
re-repair failed (1) with count = middlebit.
re-repair failed (1) with count = lastbit.
re-repair failed (1) with count = add.
re-repair failed (1) with count = sub.
re-repair failed (1) with count = random.
re-repair failed (1) with root = zeroes.
re-repair failed (1) with root = ones.
re-repair failed (1) with root = firstbit.
re-repair failed (1) with root = middlebit.
re-repair failed (1) with root = lastbit.
re-repair failed (1) with root = add.
re-repair failed (1) with root = sub.
re-repair failed (1) with root = random.
re-mount failed (32) with level = zeroes.
re-repair failed (1) with level = zeroes.
re-mount failed (32) with level = ones.
re-repair failed (1) with level = ones.
re-mount failed (32) with level = firstbit.
re-repair failed (1) with level = firstbit.
re-mount failed (32) with level = middlebit.
re-repair failed (1) with level = middlebit.
re-mount failed (32) with level = lastbit.
re-repair failed (1) with level = lastbit.
re-mount failed (32) with level = add.
re-repair failed (1) with level = add.
re-mount failed (32) with level = sub.
re-repair failed (1) with level = sub.
re-mount failed (32) with level = random.
re-repair failed (1) with level = random.
re-repair failed (1) with freecount = zeroes.
re-repair failed (1) with freecount = ones.
re-repair failed (1) with freecount = firstbit.
re-repair failed (1) with freecount = middlebit.
re-repair failed (1) with freecount = lastbit.
re-repair failed (1) with freecount = add.
re-repair failed (1) with freecount = sub.
re-repair failed (1) with freecount = random.
re-repair failed (1) with unlinked[0] = zeroes.
re-repair failed (1) with unlinked[0] = firstbit.
re-repair failed (1) with unlinked[0] = middlebit.
re-repair failed (1) with unlinked[0] = lastbit.
re-repair failed (1) with unlinked[0] = add.
re-repair failed (1) with unlinked[0] = sub.
re-repair failed (1) with unlinked[0] = random.
re-mount failed (32) with uuid = zeroes.
re-repair failed (1) with uuid = zeroes.
re-mount failed (32) with uuid = ones.
re-repair failed (1) with uuid = ones.
re-mount failed (32) with uuid = firstbit.
re-repair failed (1) with uuid = firstbit.
re-mount failed (32) with uuid = middlebit.
re-repair failed (1) with uuid = middlebit.
re-mount failed (32) with uuid = lastbit.
re-repair failed (1) with uuid = lastbit.
re-mount failed (32) with uuid = random.
re-repair failed (1) with uuid = random.
re-mount failed (32) with crc = zeroes.
re-mount failed (32) with crc = ones.
re-mount failed (32) with crc = firstbit.
re-mount failed (32) with crc = middlebit.
re-mount failed (32) with crc = lastbit.
re-mount failed (32) with crc = add.
re-mount failed (32) with crc = sub.
re-mount failed (32) with crc = random.
re-mount failed (32) with lsn = firstbit.
re-mount failed (32) with lsn = middlebit.
re-mount failed (32) with lsn = add.
re-repair failed (1) with lsn = add.
re-mount failed (32) with lsn = random.
re-repair failed (1) with lsn = random.
re-mount failed (32) with free_root = zeroes.
re-repair failed (1) with free_root = zeroes.
re-mount failed (32) with free_root = ones.
re-repair failed (1) with free_root = ones.
re-mount failed (32) with free_root = firstbit.
re-repair failed (1) with free_root = firstbit.
re-mount failed (32) with free_root = middlebit.
re-repair failed (1) with free_root = middlebit.
re-repair failed (1) with free_root = lastbit.
re-mount failed (32) with free_root = add.
re-repair failed (1) with free_root = add.
re-mount failed (32) with free_root = sub.
re-repair failed (1) with free_root = sub.
re-mount failed (32) with free_root = random.
re-repair failed (1) with free_root = random.
re-mount failed (32) with free_level = zeroes.
re-repair failed (1) with free_level = zeroes.
re-mount failed (32) with free_level = ones.
re-repair failed (1) with free_level = ones.
re-mount failed (32) with free_level = firstbit.
re-repair failed (1) with free_level = firstbit.
re-mount failed (32) with free_level = middlebit.
re-repair failed (1) with free_level = middlebit.
re-mount failed (32) with free_level = lastbit.
re-repair failed (1) with free_level = lastbit.
re-mount failed (32) with free_level = add.
re-repair failed (1) with free_level = add.
re-mount failed (32) with free_level = sub.
re-repair failed (1) with free_level = sub.
re-mount failed (32) with free_level = random.
re-repair failed (1) with free_level = random.
Done fuzzing AGI
