QA output created by 1391
Format and populate
Fuzz bnobt recs
Done fuzzing bnobt recs
