QA output created by 1392
Format and populate
Fuzz bnobt keyptr
Done fuzzing bnobt keyptr
