QA output created by 1394
Format and populate
Fuzz inobt
re-repair failed (1) with magic = zeroes.
re-repair failed (1) with magic = ones.
re-repair failed (1) with magic = firstbit.
re-repair failed (1) with magic = middlebit.
re-repair failed (1) with magic = lastbit.
re-repair failed (1) with magic = add.
re-repair failed (1) with magic = sub.
re-repair failed (1) with magic = random.
re-repair failed (1) with level = ones.
re-repair failed (1) with level = firstbit.
re-repair failed (1) with level = middlebit.
re-repair failed (1) with level = lastbit.
re-repair failed (1) with level = add.
re-repair failed (1) with level = sub.
re-repair failed (1) with level = random.
re-repair failed (1) with numrecs = zeroes.
re-repair failed (1) with numrecs = ones.
re-repair failed (1) with numrecs = firstbit.
re-repair failed (1) with numrecs = middlebit.
re-repair failed (1) with numrecs = lastbit.
re-repair failed (1) with numrecs = add.
re-repair failed (1) with numrecs = sub.
re-repair failed (1) with numrecs = random.
re-repair failed (1) with leftsib = zeroes.
re-repair failed (1) with leftsib = firstbit.
re-repair failed (1) with leftsib = middlebit.
re-repair failed (1) with leftsib = lastbit.
re-repair failed (1) with leftsib = sub.
re-repair failed (1) with leftsib = random.
re-repair failed (1) with rightsib = zeroes.
re-repair failed (1) with rightsib = firstbit.
re-repair failed (1) with rightsib = middlebit.
re-repair failed (1) with rightsib = lastbit.
re-repair failed (1) with rightsib = add.
re-repair failed (1) with rightsib = sub.
re-repair failed (1) with rightsib = random.
re-repair failed (1) with bno = zeroes.
re-repair failed (1) with bno = ones.
re-repair failed (1) with bno = firstbit.
re-repair failed (1) with bno = middlebit.
re-repair failed (1) with bno = lastbit.
re-repair failed (1) with bno = add.
re-repair failed (1) with bno = sub.
re-repair failed (1) with bno = random.
re-repair failed (1) with uuid = zeroes.
re-repair failed (1) with uuid = ones.
re-repair failed (1) with uuid = firstbit.
re-repair failed (1) with uuid = middlebit.
re-repair failed (1) with uuid = lastbit.
re-repair failed (1) with uuid = random.
re-repair failed (1) with owner = ones.
re-repair failed (1) with owner = firstbit.
re-repair failed (1) with owner = middlebit.
re-repair failed (1) with owner = lastbit.
re-repair failed (1) with owner = add.
re-repair failed (1) with owner = sub.
re-repair failed (1) with owner = random.
re-repair failed (1) with crc = zeroes.
re-repair failed (1) with crc = ones.
re-repair failed (1) with crc = firstbit.
re-repair failed (1) with crc = middlebit.
re-repair failed (1) with crc = lastbit.
re-repair failed (1) with crc = add.
re-repair failed (1) with crc = sub.
re-repair failed (1) with crc = random.
re-repair failed (1) with recs[1].startino = zeroes.
re-repair failed (1) with recs[1].startino = ones.
re-repair failed (1) with recs[1].startino = firstbit.
re-repair failed (1) with recs[1].startino = middlebit.
re-repair failed (1) with recs[1].startino = lastbit.
re-repair failed (1) with recs[1].startino = add.
re-repair failed (1) with recs[1].startino = sub.
re-repair failed (1) with recs[1].startino = random.
re-repair failed (1) with recs[1].holemask = ones.
re-repair failed (1) with recs[1].holemask = firstbit.
re-repair failed (1) with recs[1].holemask = middlebit.
re-repair failed (1) with recs[1].holemask = lastbit.
re-repair failed (1) with recs[1].holemask = add.
re-repair failed (1) with recs[1].holemask = sub.
re-repair failed (1) with recs[1].holemask = random.
re-repair failed (1) with recs[1].count = zeroes.
re-repair failed (1) with recs[1].count = ones.
re-repair failed (1) with recs[1].count = firstbit.
re-repair failed (1) with recs[1].count = middlebit.
re-repair failed (1) with recs[1].count = lastbit.
re-repair failed (1) with recs[1].count = add.
re-repair failed (1) with recs[1].count = sub.
re-repair failed (1) with recs[1].count = random.
re-repair failed (1) with recs[1].freecount = ones.
re-repair failed (1) with recs[1].freecount = firstbit.
re-repair failed (1) with recs[1].freecount = middlebit.
re-repair failed (1) with recs[1].freecount = lastbit.
re-repair failed (1) with recs[1].freecount = add.
re-repair failed (1) with recs[1].freecount = sub.
re-repair failed (1) with recs[1].freecount = random.
re-repair failed (1) with recs[1].free = ones.
re-repair failed (1) with recs[1].free = firstbit.
re-repair failed (1) with recs[1].free = middlebit.
re-repair failed (1) with recs[1].free = lastbit.
re-repair failed (1) with recs[1].free = add.
re-repair failed (1) with recs[1].free = sub.
re-repair failed (1) with recs[1].free = random.
Done fuzzing inobt
