QA output created by 1395
Format and populate
Fuzz finobt
Done fuzzing finobt
