QA output created by 1396
Format and populate
Fuzz rmapbt recs
re-repair failed (1) with magic = zeroes.
re-repair failed (1) with magic = ones.
re-repair failed (1) with magic = firstbit.
re-repair failed (1) with magic = middlebit.
re-repair failed (1) with magic = lastbit.
re-repair failed (1) with magic = add.
re-repair failed (1) with magic = sub.
re-repair failed (1) with magic = random.
re-repair failed (1) with level = ones.
re-repair failed (1) with level = firstbit.
re-repair failed (1) with level = middlebit.
re-repair failed (1) with level = lastbit.
re-repair failed (1) with level = add.
re-repair failed (1) with level = sub.
re-repair failed (1) with level = random.
re-repair failed (1) with numrecs = zeroes.
re-repair failed (1) with numrecs = ones.
re-repair failed (1) with numrecs = firstbit.
re-repair failed (1) with numrecs = middlebit.
re-repair failed (1) with numrecs = lastbit.
re-repair failed (1) with numrecs = add.
re-repair failed (1) with numrecs = sub.
re-repair failed (1) with numrecs = random.
re-repair failed (1) with leftsib = zeroes.
re-repair failed (1) with leftsib = firstbit.
re-repair failed (1) with leftsib = middlebit.
re-repair failed (1) with leftsib = lastbit.
re-repair failed (1) with leftsib = sub.
re-repair failed (1) with leftsib = random.
re-repair failed (1) with rightsib = zeroes.
re-repair failed (1) with rightsib = firstbit.
re-repair failed (1) with rightsib = sub.
re-repair failed (1) with rightsib = random.
re-repair failed (1) with bno = zeroes.
re-repair failed (1) with bno = ones.
re-repair failed (1) with bno = firstbit.
re-repair failed (1) with bno = middlebit.
re-repair failed (1) with bno = lastbit.
re-repair failed (1) with bno = add.
re-repair failed (1) with bno = sub.
re-repair failed (1) with bno = random.
re-repair failed (1) with uuid = zeroes.
re-repair failed (1) with uuid = ones.
re-repair failed (1) with uuid = firstbit.
re-repair failed (1) with uuid = middlebit.
re-repair failed (1) with uuid = lastbit.
re-repair failed (1) with uuid = random.
re-repair failed (1) with owner = ones.
re-repair failed (1) with owner = firstbit.
re-repair failed (1) with owner = middlebit.
re-repair failed (1) with owner = lastbit.
re-repair failed (1) with owner = add.
re-repair failed (1) with owner = sub.
re-repair failed (1) with owner = random.
re-repair failed (1) with crc = zeroes.
re-repair failed (1) with crc = ones.
re-repair failed (1) with crc = firstbit.
re-repair failed (1) with crc = middlebit.
re-repair failed (1) with crc = lastbit.
re-repair failed (1) with crc = add.
re-repair failed (1) with crc = sub.
re-repair failed (1) with crc = random.
re-repair failed (1) with recs[1].startblock = ones.
re-repair failed (1) with recs[1].startblock = firstbit.
re-repair failed (1) with recs[1].startblock = middlebit.
re-repair failed (1) with recs[1].startblock = lastbit.
re-repair failed (1) with recs[1].startblock = add.
re-repair failed (1) with recs[1].startblock = sub.
re-repair failed (1) with recs[1].startblock = random.
re-repair failed (1) with recs[1].blockcount = zeroes.
re-repair failed (1) with recs[1].blockcount = ones.
re-repair failed (1) with recs[1].blockcount = firstbit.
re-repair failed (1) with recs[1].blockcount = middlebit.
re-repair failed (1) with recs[1].blockcount = lastbit.
re-repair failed (1) with recs[1].blockcount = add.
re-repair failed (1) with recs[1].blockcount = sub.
re-repair failed (1) with recs[1].blockcount = random.
re-repair failed (1) with recs[1].owner = zeroes.
re-repair failed (1) with recs[1].owner = ones.
re-repair failed (1) with recs[1].owner = firstbit.
re-repair failed (1) with recs[1].owner = middlebit.
re-repair failed (1) with recs[1].owner = lastbit.
re-repair failed (1) with recs[1].owner = add.
re-repair failed (1) with recs[1].owner = sub.
re-repair failed (1) with recs[1].owner = random.
re-repair failed (1) with recs[1].offset = ones.
re-repair failed (1) with recs[1].offset = firstbit.
re-repair failed (1) with recs[1].offset = middlebit.
re-repair failed (1) with recs[1].offset = lastbit.
re-repair failed (1) with recs[1].offset = add.
re-repair failed (1) with recs[1].offset = sub.
re-repair failed (1) with recs[1].offset = random.
re-repair failed (1) with recs[1].extentflag = ones.
re-repair failed (1) with recs[1].extentflag = firstbit.
re-repair failed (1) with recs[1].extentflag = middlebit.
re-repair failed (1) with recs[1].extentflag = lastbit.
re-repair failed (1) with recs[1].extentflag = add.
re-repair failed (1) with recs[1].extentflag = sub.
re-repair failed (1) with recs[1].extentflag = random.
re-repair failed (1) with recs[1].attrfork = ones.
re-repair failed (1) with recs[1].attrfork = firstbit.
re-repair failed (1) with recs[1].attrfork = middlebit.
re-repair failed (1) with recs[1].attrfork = lastbit.
re-repair failed (1) with recs[1].attrfork = add.
re-repair failed (1) with recs[1].attrfork = sub.
re-repair failed (1) with recs[1].attrfork = random.
re-repair failed (1) with recs[1].bmbtblock = ones.
re-repair failed (1) with recs[1].bmbtblock = firstbit.
re-repair failed (1) with recs[1].bmbtblock = middlebit.
re-repair failed (1) with recs[1].bmbtblock = lastbit.
re-repair failed (1) with recs[1].bmbtblock = add.
re-repair failed (1) with recs[1].bmbtblock = sub.
Done fuzzing rmapbt recs
