QA output created by 1397
Format and populate
Fuzz rmapbt keyptr
re-repair failed (1) with magic = zeroes.
re-repair failed (1) with magic = ones.
re-repair failed (1) with magic = firstbit.
re-repair failed (1) with magic = middlebit.
re-repair failed (1) with magic = lastbit.
re-repair failed (1) with magic = add.
re-repair failed (1) with magic = sub.
re-repair failed (1) with magic = random.
re-repair failed (1) with level = zeroes.
re-repair failed (1) with level = ones.
re-repair failed (1) with level = firstbit.
re-repair failed (1) with level = middlebit.
re-repair failed (1) with level = lastbit.
re-repair failed (1) with level = add.
re-repair failed (1) with level = sub.
re-repair failed (1) with level = random.
re-repair failed (1) with numrecs = zeroes.
re-repair failed (1) with numrecs = ones.
re-repair failed (1) with numrecs = firstbit.
re-repair failed (1) with numrecs = middlebit.
re-repair failed (1) with numrecs = lastbit.
re-repair failed (1) with numrecs = add.
re-repair failed (1) with numrecs = sub.
re-repair failed (1) with numrecs = random.
re-repair failed (1) with leftsib = zeroes.
re-repair failed (1) with leftsib = firstbit.
re-repair failed (1) with leftsib = middlebit.
re-repair failed (1) with leftsib = lastbit.
re-repair failed (1) with leftsib = sub.
re-repair failed (1) with leftsib = random.
re-repair failed (1) with rightsib = zeroes.
re-repair failed (1) with rightsib = firstbit.
re-repair failed (1) with rightsib = middlebit.
re-repair failed (1) with rightsib = lastbit.
re-repair failed (1) with rightsib = sub.
re-repair failed (1) with rightsib = random.
re-repair failed (1) with bno = zeroes.
re-repair failed (1) with bno = ones.
re-repair failed (1) with bno = firstbit.
re-repair failed (1) with bno = middlebit.
re-repair failed (1) with bno = lastbit.
re-repair failed (1) with bno = add.
re-repair failed (1) with bno = sub.
re-repair failed (1) with bno = random.
re-repair failed (1) with uuid = zeroes.
re-repair failed (1) with uuid = ones.
re-repair failed (1) with uuid = firstbit.
re-repair failed (1) with uuid = middlebit.
re-repair failed (1) with uuid = lastbit.
re-repair failed (1) with uuid = random.
re-repair failed (1) with owner = ones.
re-repair failed (1) with owner = firstbit.
re-repair failed (1) with owner = middlebit.
re-repair failed (1) with owner = lastbit.
re-repair failed (1) with owner = add.
re-repair failed (1) with owner = sub.
re-repair failed (1) with owner = random.
re-repair failed (1) with crc = zeroes.
re-repair failed (1) with crc = ones.
re-repair failed (1) with crc = firstbit.
re-repair failed (1) with crc = middlebit.
re-repair failed (1) with crc = lastbit.
re-repair failed (1) with crc = add.
re-repair failed (1) with crc = sub.
re-repair failed (1) with crc = random.
re-repair failed (1) with ptrs[1] = zeroes.
re-repair failed (1) with ptrs[1] = ones.
re-repair failed (1) with ptrs[1] = firstbit.
re-repair failed (1) with ptrs[1] = middlebit.
re-repair failed (1) with ptrs[1] = lastbit.
re-repair failed (1) with ptrs[1] = add.
re-repair failed (1) with ptrs[1] = sub.
re-repair failed (1) with ptrs[1] = random.
Done fuzzing rmapbt keyptr
