QA output created by 1399
Format and populate
Find btree-format dir inode
Fuzz inode
Done fuzzing inode
