QA output created by 1400
Format and populate
Find extents-format file inode
Fuzz inode
Done fuzzing inode
