QA output created by 1401
Format and populate
Find btree-format file inode
Fuzz inode
Done fuzzing inode
