QA output created by 1402
Format and populate
Find bmbt block
Fuzz bmbt
Done fuzzing bmbt
