QA output created by 1406
Format and populate
Find data-format dir block
Fuzz data-format dir block
re-repair failed (1) with dhdr.hdr.magic = zeroes.
re-repair failed (1) with dhdr.hdr.magic = ones.
re-repair failed (1) with dhdr.hdr.magic = firstbit.
re-repair failed (1) with dhdr.hdr.magic = middlebit.
re-repair failed (1) with dhdr.hdr.magic = lastbit.
re-repair failed (1) with dhdr.hdr.magic = add.
re-repair failed (1) with dhdr.hdr.magic = sub.
re-repair failed (1) with dhdr.hdr.magic = random.
re-repair failed (1) with dhdr.hdr.bno = zeroes.
re-repair failed (1) with dhdr.hdr.bno = ones.
re-repair failed (1) with dhdr.hdr.bno = firstbit.
re-repair failed (1) with dhdr.hdr.bno = middlebit.
re-repair failed (1) with dhdr.hdr.bno = lastbit.
re-repair failed (1) with dhdr.hdr.bno = add.
re-repair failed (1) with dhdr.hdr.bno = sub.
re-repair failed (1) with dhdr.hdr.bno = random.
re-repair failed (1) with dhdr.hdr.uuid = zeroes.
re-repair failed (1) with dhdr.hdr.uuid = ones.
re-repair failed (1) with dhdr.hdr.uuid = firstbit.
re-repair failed (1) with dhdr.hdr.uuid = middlebit.
re-repair failed (1) with dhdr.hdr.uuid = lastbit.
re-repair failed (1) with dhdr.hdr.uuid = random.
re-repair failed (1) with dhdr.hdr.owner = zeroes.
re-repair failed (1) with dhdr.hdr.owner = ones.
re-repair failed (1) with dhdr.hdr.owner = firstbit.
re-repair failed (1) with dhdr.hdr.owner = middlebit.
re-repair failed (1) with dhdr.hdr.owner = lastbit.
re-repair failed (1) with dhdr.hdr.owner = add.
re-repair failed (1) with dhdr.hdr.owner = sub.
re-repair failed (1) with dhdr.hdr.owner = random.
re-repair failed (1) with dhdr.bestfree[0].offset = zeroes.
re-repair failed (1) with dhdr.bestfree[0].offset = ones.
re-repair failed (1) with dhdr.bestfree[0].offset = firstbit.
re-repair failed (1) with dhdr.bestfree[0].offset = middlebit.
re-repair failed (1) with dhdr.bestfree[0].offset = lastbit.
re-repair failed (1) with dhdr.bestfree[0].offset = add.
re-repair failed (1) with dhdr.bestfree[0].offset = sub.
re-repair failed (1) with dhdr.bestfree[0].offset = random.
re-repair failed (1) with dhdr.bestfree[0].length = zeroes.
re-repair failed (1) with dhdr.bestfree[0].length = ones.
re-repair failed (1) with dhdr.bestfree[0].length = firstbit.
re-repair failed (1) with dhdr.bestfree[0].length = middlebit.
re-repair failed (1) with dhdr.bestfree[0].length = lastbit.
re-repair failed (1) with dhdr.bestfree[0].length = add.
re-repair failed (1) with dhdr.bestfree[0].length = sub.
re-repair failed (1) with dhdr.bestfree[0].length = random.
re-repair failed (1) with dhdr.bestfree[1].offset = ones.
re-repair failed (1) with dhdr.bestfree[1].offset = firstbit.
re-repair failed (1) with dhdr.bestfree[1].offset = middlebit.
re-repair failed (1) with dhdr.bestfree[1].offset = lastbit.
re-repair failed (1) with dhdr.bestfree[1].offset = add.
re-repair failed (1) with dhdr.bestfree[1].offset = sub.
re-repair failed (1) with dhdr.bestfree[1].offset = random.
re-repair failed (1) with dhdr.bestfree[1].length = ones.
re-repair failed (1) with dhdr.bestfree[1].length = firstbit.
re-repair failed (1) with dhdr.bestfree[1].length = middlebit.
re-repair failed (1) with dhdr.bestfree[1].length = lastbit.
re-repair failed (1) with dhdr.bestfree[1].length = add.
re-repair failed (1) with dhdr.bestfree[1].length = sub.
re-repair failed (1) with dhdr.bestfree[1].length = random.
re-repair failed (1) with dhdr.bestfree[2].offset = ones.
re-repair failed (1) with dhdr.bestfree[2].offset = firstbit.
re-repair failed (1) with dhdr.bestfree[2].offset = middlebit.
re-repair failed (1) with dhdr.bestfree[2].offset = lastbit.
re-repair failed (1) with dhdr.bestfree[2].offset = add.
re-repair failed (1) with dhdr.bestfree[2].offset = sub.
re-repair failed (1) with dhdr.bestfree[2].offset = random.
re-repair failed (1) with dhdr.bestfree[2].length = ones.
re-repair failed (1) with dhdr.bestfree[2].length = firstbit.
re-repair failed (1) with dhdr.bestfree[2].length = middlebit.
re-repair failed (1) with dhdr.bestfree[2].length = lastbit.
re-repair failed (1) with dhdr.bestfree[2].length = add.
re-repair failed (1) with dhdr.bestfree[2].length = sub.
re-repair failed (1) with dhdr.bestfree[2].length = random.
re-repair failed (1) with du[0].inumber = zeroes.
re-repair failed (1) with du[0].inumber = ones.
re-repair failed (1) with du[0].inumber = firstbit.
re-repair failed (1) with du[0].inumber = middlebit.
re-repair failed (1) with du[0].inumber = lastbit.
re-repair failed (1) with du[0].inumber = add.
re-repair failed (1) with du[0].inumber = sub.
re-repair failed (1) with du[0].inumber = random.
re-repair failed (134) with du[0].namelen = zeroes.
re-repair failed (1) with du[0].namelen = ones.
re-repair failed (1) with du[0].namelen = firstbit.
re-repair failed (1) with du[0].namelen = middlebit.
re-repair failed (134) with du[0].namelen = lastbit.
re-repair failed (1) with du[0].namelen = add.
re-repair failed (1) with du[0].namelen = sub.
re-repair failed (1) with du[0].namelen = random.
re-repair failed (134) with du[0].name = zeroes.
re-repair failed (134) with du[0].name = ones.
re-repair failed (134) with du[0].name = firstbit.
re-repair failed (134) with du[0].name = middlebit.
re-repair failed (1) with du[0].name = lastbit.
re-repair failed (134) with du[0].name = add.
re-repair failed (134) with du[0].name = sub.
re-repair failed (134) with du[0].name = random.
re-repair failed (1) with du[0].tag = zeroes.
re-repair failed (1) with du[0].tag = ones.
re-repair failed (1) with du[0].tag = firstbit.
re-repair failed (1) with du[0].tag = middlebit.
re-repair failed (1) with du[0].tag = lastbit.
re-repair failed (1) with du[0].tag = add.
re-repair failed (1) with du[0].tag = sub.
re-repair failed (1) with du[0].tag = random.
re-repair failed (134) with du[1].inumber = zeroes.
re-repair failed (1) with du[1].inumber = ones.
re-repair failed (1) with du[1].inumber = firstbit.
re-repair failed (1) with du[1].inumber = middlebit.
re-repair failed (1) with du[1].inumber = lastbit.
re-repair failed (1) with du[1].inumber = add.
re-repair failed (1) with du[1].inumber = sub.
re-repair failed (1) with du[1].inumber = random.
re-repair failed (1) with du[1].namelen = zeroes.
re-repair failed (1) with du[1].namelen = ones.
re-repair failed (1) with du[1].namelen = firstbit.
re-repair failed (1) with du[1].namelen = middlebit.
re-repair failed (1) with du[1].namelen = lastbit.
re-repair failed (1) with du[1].namelen = add.
re-repair failed (1) with du[1].namelen = sub.
re-repair failed (1) with du[1].namelen = random.
re-repair failed (1) with du[1].name = zeroes.
re-repair failed (1) with du[1].name = ones.
re-repair failed (1) with du[1].name = firstbit.
re-repair failed (1) with du[1].name = middlebit.
re-repair failed (1) with du[1].name = lastbit.
re-repair failed (1) with du[1].name = add.
re-repair failed (1) with du[1].name = sub.
re-repair failed (1) with du[1].name = random.
re-repair failed (1) with du[1].tag = zeroes.
re-repair failed (1) with du[1].tag = ones.
re-repair failed (1) with du[1].tag = firstbit.
re-repair failed (1) with du[1].tag = middlebit.
re-repair failed (1) with du[1].tag = lastbit.
re-repair failed (1) with du[1].tag = add.
re-repair failed (1) with du[1].tag = sub.
re-repair failed (1) with du[1].tag = random.
re-repair failed (1) with du[2].inumber = zeroes.
re-repair failed (1) with du[2].inumber = ones.
re-repair failed (1) with du[2].inumber = firstbit.
re-repair failed (1) with du[2].inumber = middlebit.
re-repair failed (134) with du[2].inumber = lastbit.
re-repair failed (1) with du[2].inumber = add.
re-repair failed (1) with du[2].inumber = sub.
re-repair failed (1) with du[2].inumber = random.
re-repair failed (1) with du[2].namelen = zeroes.
re-repair failed (1) with du[2].namelen = ones.
re-repair failed (1) with du[2].namelen = firstbit.
re-repair failed (1) with du[2].namelen = middlebit.
re-repair failed (1) with du[2].namelen = lastbit.
re-repair failed (1) with du[2].namelen = add.
re-repair failed (1) with du[2].namelen = sub.
re-repair failed (1) with du[2].namelen = random.
re-repair failed (1) with du[2].name = zeroes.
re-repair failed (1) with du[2].name = ones.
re-repair failed (1) with du[2].name = firstbit.
re-repair failed (1) with du[2].name = middlebit.
re-repair failed (1) with du[2].name = lastbit.
re-repair failed (1) with du[2].name = add.
re-repair failed (1) with du[2].name = sub.
re-repair failed (1) with du[2].name = random.
re-repair failed (1) with du[2].tag = zeroes.
re-repair failed (1) with du[2].tag = ones.
re-repair failed (1) with du[2].tag = firstbit.
re-repair failed (1) with du[2].tag = middlebit.
re-repair failed (1) with du[2].tag = lastbit.
re-repair failed (1) with du[2].tag = add.
re-repair failed (1) with du[2].tag = sub.
re-repair failed (1) with du[2].tag = random.
re-repair failed (1) with du[3].inumber = zeroes.
re-repair failed (1) with du[3].inumber = ones.
re-repair failed (1) with du[3].inumber = firstbit.
re-repair failed (1) with du[3].inumber = middlebit.
re-repair failed (1) with du[3].inumber = lastbit.
re-repair failed (1) with du[3].inumber = add.
re-repair failed (1) with du[3].inumber = sub.
re-repair failed (1) with du[3].inumber = random.
re-repair failed (1) with du[3].namelen = zeroes.
re-repair failed (1) with du[3].namelen = ones.
re-repair failed (1) with du[3].namelen = firstbit.
re-repair failed (1) with du[3].namelen = middlebit.
re-repair failed (1) with du[3].namelen = lastbit.
re-repair failed (1) with du[3].namelen = add.
re-repair failed (1) with du[3].namelen = sub.
re-repair failed (1) with du[3].namelen = random.
re-repair failed (1) with du[3].name = zeroes.
re-repair failed (1) with du[3].name = ones.
re-repair failed (1) with du[3].name = firstbit.
re-repair failed (1) with du[3].name = middlebit.
re-repair failed (1) with du[3].name = lastbit.
re-repair failed (1) with du[3].name = add.
re-repair failed (1) with du[3].name = sub.
re-repair failed (1) with du[3].name = random.
re-repair failed (1) with du[3].filetype = zeroes.
re-repair failed (1) with du[3].filetype = ones.
re-repair failed (1) with du[3].filetype = firstbit.
re-repair failed (1) with du[3].filetype = middlebit.
re-repair failed (1) with du[3].filetype = lastbit.
re-repair failed (1) with du[3].filetype = add.
re-repair failed (1) with du[3].filetype = sub.
re-repair failed (1) with du[3].filetype = random.
re-repair failed (1) with du[3].tag = zeroes.
re-repair failed (1) with du[3].tag = ones.
re-repair failed (1) with du[3].tag = firstbit.
re-repair failed (1) with du[3].tag = middlebit.
re-repair failed (1) with du[3].tag = lastbit.
re-repair failed (1) with du[3].tag = add.
re-repair failed (1) with du[3].tag = sub.
re-repair failed (1) with du[3].tag = random.
re-repair failed (1) with du[4].inumber = zeroes.
re-repair failed (1) with du[4].inumber = ones.
re-repair failed (1) with du[4].inumber = firstbit.
re-repair failed (1) with du[4].inumber = middlebit.
re-repair failed (1) with du[4].inumber = lastbit.
re-repair failed (1) with du[4].inumber = add.
re-repair failed (1) with du[4].inumber = sub.
re-repair failed (1) with du[4].inumber = random.
re-repair failed (1) with du[4].namelen = zeroes.
re-repair failed (1) with du[4].namelen = ones.
re-repair failed (1) with du[4].namelen = firstbit.
re-repair failed (1) with du[4].namelen = middlebit.
re-repair failed (1) with du[4].namelen = lastbit.
re-repair failed (1) with du[4].namelen = add.
re-repair failed (1) with du[4].namelen = sub.
re-repair failed (1) with du[4].namelen = random.
re-repair failed (1) with du[4].name = zeroes.
re-repair failed (1) with du[4].name = ones.
re-repair failed (1) with du[4].name = firstbit.
re-repair failed (1) with du[4].name = middlebit.
re-repair failed (1) with du[4].name = lastbit.
re-repair failed (1) with du[4].name = add.
re-repair failed (1) with du[4].name = sub.
re-repair failed (1) with du[4].name = random.
re-repair failed (1) with du[4].filetype = zeroes.
re-repair failed (1) with du[4].filetype = ones.
re-repair failed (1) with du[4].filetype = firstbit.
re-repair failed (1) with du[4].filetype = middlebit.
re-repair failed (1) with du[4].filetype = lastbit.
re-repair failed (1) with du[4].filetype = add.
re-repair failed (1) with du[4].filetype = sub.
re-repair failed (1) with du[4].filetype = random.
re-repair failed (1) with du[4].tag = zeroes.
re-repair failed (1) with du[4].tag = ones.
re-repair failed (1) with du[4].tag = firstbit.
re-repair failed (1) with du[4].tag = middlebit.
re-repair failed (1) with du[4].tag = lastbit.
re-repair failed (1) with du[4].tag = add.
re-repair failed (1) with du[4].tag = sub.
re-repair failed (1) with du[4].tag = random.
re-repair failed (1) with du[5].inumber = zeroes.
re-repair failed (1) with du[5].inumber = ones.
re-repair failed (1) with du[5].inumber = firstbit.
re-repair failed (1) with du[5].inumber = middlebit.
re-repair failed (1) with du[5].inumber = lastbit.
re-repair failed (1) with du[5].inumber = add.
re-repair failed (1) with du[5].inumber = sub.
re-repair failed (1) with du[5].inumber = random.
re-repair failed (1) with du[5].namelen = zeroes.
re-repair failed (1) with du[5].namelen = ones.
re-repair failed (1) with du[5].namelen = firstbit.
re-repair failed (1) with du[5].namelen = middlebit.
re-repair failed (1) with du[5].namelen = lastbit.
re-repair failed (1) with du[5].namelen = add.
re-repair failed (1) with du[5].namelen = sub.
re-repair failed (1) with du[5].namelen = random.
re-repair failed (1) with du[5].name = zeroes.
re-repair failed (1) with du[5].name = ones.
re-repair failed (1) with du[5].name = firstbit.
re-repair failed (1) with du[5].name = middlebit.
re-repair failed (1) with du[5].name = lastbit.
re-repair failed (1) with du[5].name = add.
re-repair failed (1) with du[5].name = sub.
re-repair failed (1) with du[5].name = random.
re-repair failed (1) with du[5].filetype = zeroes.
re-repair failed (1) with du[5].filetype = ones.
re-repair failed (1) with du[5].filetype = firstbit.
re-repair failed (1) with du[5].filetype = middlebit.
re-repair failed (1) with du[5].filetype = lastbit.
re-repair failed (1) with du[5].filetype = add.
re-repair failed (1) with du[5].filetype = sub.
re-repair failed (1) with du[5].filetype = random.
re-repair failed (1) with du[5].tag = zeroes.
re-repair failed (1) with du[5].tag = ones.
re-repair failed (1) with du[5].tag = firstbit.
re-repair failed (1) with du[5].tag = middlebit.
re-repair failed (1) with du[5].tag = lastbit.
re-repair failed (1) with du[5].tag = add.
re-repair failed (1) with du[5].tag = sub.
re-repair failed (1) with du[5].tag = random.
re-repair failed (1) with du[6].inumber = zeroes.
re-repair failed (1) with du[6].inumber = ones.
re-repair failed (1) with du[6].inumber = firstbit.
re-repair failed (1) with du[6].inumber = middlebit.
re-repair failed (1) with du[6].inumber = lastbit.
re-repair failed (1) with du[6].inumber = add.
re-repair failed (1) with du[6].inumber = sub.
re-repair failed (1) with du[6].inumber = random.
re-repair failed (1) with du[6].namelen = zeroes.
re-repair failed (1) with du[6].namelen = ones.
re-repair failed (1) with du[6].namelen = firstbit.
re-repair failed (1) with du[6].namelen = middlebit.
re-repair failed (1) with du[6].namelen = lastbit.
re-repair failed (1) with du[6].namelen = add.
re-repair failed (1) with du[6].namelen = sub.
re-repair failed (1) with du[6].namelen = random.
re-repair failed (1) with du[6].name = zeroes.
re-repair failed (1) with du[6].name = ones.
re-repair failed (1) with du[6].name = firstbit.
re-repair failed (1) with du[6].name = middlebit.
re-repair failed (1) with du[6].name = lastbit.
re-repair failed (1) with du[6].name = add.
re-repair failed (1) with du[6].name = sub.
re-repair failed (1) with du[6].name = random.
re-repair failed (1) with du[6].filetype = zeroes.
re-repair failed (1) with du[6].filetype = ones.
re-repair failed (1) with du[6].filetype = firstbit.
re-repair failed (1) with du[6].filetype = middlebit.
re-repair failed (1) with du[6].filetype = lastbit.
re-repair failed (1) with du[6].filetype = add.
re-repair failed (1) with du[6].filetype = sub.
re-repair failed (1) with du[6].filetype = random.
re-repair failed (1) with du[6].tag = zeroes.
re-repair failed (1) with du[6].tag = ones.
re-repair failed (1) with du[6].tag = firstbit.
re-repair failed (1) with du[6].tag = middlebit.
re-repair failed (1) with du[6].tag = lastbit.
re-repair failed (1) with du[6].tag = add.
re-repair failed (1) with du[6].tag = sub.
re-repair failed (1) with du[6].tag = random.
re-repair failed (1) with du[7].inumber = zeroes.
re-repair failed (1) with du[7].inumber = ones.
re-repair failed (1) with du[7].inumber = firstbit.
re-repair failed (1) with du[7].inumber = middlebit.
re-repair failed (1) with du[7].inumber = lastbit.
re-repair failed (1) with du[7].inumber = add.
re-repair failed (1) with du[7].inumber = sub.
re-repair failed (1) with du[7].inumber = random.
re-repair failed (1) with du[7].namelen = zeroes.
re-repair failed (1) with du[7].namelen = ones.
re-repair failed (1) with du[7].namelen = firstbit.
re-repair failed (1) with du[7].namelen = middlebit.
re-repair failed (1) with du[7].namelen = lastbit.
re-repair failed (1) with du[7].namelen = add.
re-repair failed (1) with du[7].namelen = sub.
re-repair failed (1) with du[7].namelen = random.
re-repair failed (1) with du[7].name = zeroes.
re-repair failed (1) with du[7].name = ones.
re-repair failed (1) with du[7].name = firstbit.
re-repair failed (1) with du[7].name = middlebit.
re-repair failed (1) with du[7].name = lastbit.
re-repair failed (1) with du[7].name = add.
re-repair failed (1) with du[7].name = sub.
re-repair failed (1) with du[7].name = random.
re-repair failed (1) with du[7].filetype = zeroes.
re-repair failed (1) with du[7].filetype = ones.
re-repair failed (1) with du[7].filetype = firstbit.
re-repair failed (1) with du[7].filetype = middlebit.
re-repair failed (1) with du[7].filetype = lastbit.
re-repair failed (1) with du[7].filetype = add.
re-repair failed (1) with du[7].filetype = sub.
re-repair failed (1) with du[7].filetype = random.
re-repair failed (1) with du[7].tag = zeroes.
re-repair failed (1) with du[7].tag = ones.
re-repair failed (1) with du[7].tag = firstbit.
re-repair failed (1) with du[7].tag = middlebit.
re-repair failed (1) with du[7].tag = lastbit.
re-repair failed (1) with du[7].tag = add.
re-repair failed (1) with du[7].tag = sub.
re-repair failed (1) with du[7].tag = random.
re-repair failed (1) with du[8].inumber = zeroes.
re-repair failed (1) with du[8].inumber = ones.
re-repair failed (1) with du[8].inumber = firstbit.
re-repair failed (1) with du[8].inumber = middlebit.
re-repair failed (1) with du[8].inumber = lastbit.
re-repair failed (1) with du[8].inumber = add.
re-repair failed (1) with du[8].inumber = sub.
re-repair failed (1) with du[8].inumber = random.
re-repair failed (1) with du[8].namelen = zeroes.
re-repair failed (1) with du[8].namelen = ones.
re-repair failed (1) with du[8].namelen = firstbit.
re-repair failed (1) with du[8].namelen = middlebit.
re-repair failed (1) with du[8].namelen = lastbit.
re-repair failed (1) with du[8].namelen = add.
re-repair failed (1) with du[8].namelen = sub.
re-repair failed (1) with du[8].namelen = random.
re-repair failed (1) with du[8].name = zeroes.
re-repair failed (1) with du[8].name = ones.
re-repair failed (1) with du[8].name = firstbit.
re-repair failed (1) with du[8].name = middlebit.
re-repair failed (1) with du[8].name = lastbit.
re-repair failed (1) with du[8].name = add.
re-repair failed (1) with du[8].name = sub.
re-repair failed (1) with du[8].name = random.
re-repair failed (1) with du[8].filetype = zeroes.
re-repair failed (1) with du[8].filetype = ones.
re-repair failed (1) with du[8].filetype = firstbit.
re-repair failed (1) with du[8].filetype = middlebit.
re-repair failed (1) with du[8].filetype = lastbit.
re-repair failed (1) with du[8].filetype = add.
re-repair failed (1) with du[8].filetype = sub.
re-repair failed (1) with du[8].filetype = random.
re-repair failed (1) with du[8].tag = zeroes.
re-repair failed (1) with du[8].tag = ones.
re-repair failed (1) with du[8].tag = firstbit.
re-repair failed (1) with du[8].tag = middlebit.
re-repair failed (1) with du[8].tag = lastbit.
re-repair failed (1) with du[8].tag = add.
re-repair failed (1) with du[8].tag = sub.
re-repair failed (1) with du[8].tag = random.
re-repair failed (1) with du[9].inumber = zeroes.
re-repair failed (1) with du[9].inumber = ones.
re-repair failed (1) with du[9].inumber = firstbit.
re-repair failed (1) with du[9].inumber = middlebit.
re-repair failed (1) with du[9].inumber = lastbit.
re-repair failed (1) with du[9].inumber = add.
re-repair failed (1) with du[9].inumber = sub.
re-repair failed (1) with du[9].inumber = random.
re-repair failed (1) with du[9].namelen = zeroes.
re-repair failed (1) with du[9].namelen = ones.
re-repair failed (1) with du[9].namelen = firstbit.
re-repair failed (1) with du[9].namelen = middlebit.
re-repair failed (1) with du[9].namelen = lastbit.
re-repair failed (1) with du[9].namelen = add.
re-repair failed (1) with du[9].namelen = sub.
re-repair failed (1) with du[9].namelen = random.
re-repair failed (1) with du[9].name = zeroes.
re-repair failed (1) with du[9].name = ones.
re-repair failed (1) with du[9].name = firstbit.
re-repair failed (1) with du[9].name = middlebit.
re-repair failed (1) with du[9].name = lastbit.
re-repair failed (1) with du[9].name = add.
re-repair failed (1) with du[9].name = sub.
re-repair failed (1) with du[9].name = random.
re-repair failed (1) with du[9].filetype = zeroes.
re-repair failed (1) with du[9].filetype = ones.
re-repair failed (1) with du[9].filetype = firstbit.
re-repair failed (1) with du[9].filetype = middlebit.
re-repair failed (1) with du[9].filetype = lastbit.
re-repair failed (1) with du[9].filetype = add.
re-repair failed (1) with du[9].filetype = sub.
re-repair failed (1) with du[9].filetype = random.
re-repair failed (1) with du[9].tag = zeroes.
re-repair failed (1) with du[9].tag = ones.
re-repair failed (1) with du[9].tag = firstbit.
re-repair failed (1) with du[9].tag = middlebit.
re-repair failed (1) with du[9].tag = lastbit.
re-repair failed (1) with du[9].tag = add.
re-repair failed (1) with du[9].tag = sub.
re-repair failed (1) with du[9].tag = random.
Done fuzzing data-format dir block
