QA output created by 1407
Format and populate
Find leaf1-format dir block
Fuzz leaf1-format dir block
Done fuzzing leaf1-format dir block
