QA output created by 1408
Format and populate
Find leafn-format dir block
Fuzz leafn-format dir block
Done fuzzing leafn-format dir block
