QA output created by 1409
Format and populate
Find node-format dir block
Fuzz node-format dir block
Done fuzzing node-format dir block
