QA output created by 1411
Format and populate
Find inline-format attr inode
Fuzz inline-format attr inode
Done fuzzing inline-format attr inode
