QA output created by 1412
Format and populate
Find leaf-format attr block
Fuzz leaf-format attr block
Done fuzzing leaf-format attr block
