QA output created by 1413
Format and populate
Find node-format attr block
Fuzz node-format attr block
re-repair failed (1) with hdr.info.hdr.forw = ones.
re-repair failed (1) with hdr.info.hdr.forw = firstbit.
re-repair failed (1) with hdr.info.hdr.forw = middlebit.
re-repair failed (1) with hdr.info.hdr.forw = lastbit.
re-repair failed (1) with hdr.info.hdr.forw = add.
re-repair failed (1) with hdr.info.hdr.forw = sub.
re-repair failed (1) with hdr.info.hdr.forw = random.
re-repair failed (1) with hdr.info.hdr.back = ones.
re-repair failed (1) with hdr.info.hdr.back = firstbit.
re-repair failed (1) with hdr.info.hdr.back = middlebit.
re-repair failed (1) with hdr.info.hdr.back = lastbit.
re-repair failed (1) with hdr.info.hdr.back = add.
re-repair failed (1) with hdr.info.hdr.back = sub.
re-repair failed (1) with hdr.info.hdr.back = random.
re-repair failed (1) with hdr.info.hdr.magic = zeroes.
re-repair failed (1) with hdr.info.hdr.magic = ones.
re-repair failed (1) with hdr.info.hdr.magic = firstbit.
re-repair failed (1) with hdr.info.hdr.magic = middlebit.
re-repair failed (1) with hdr.info.hdr.magic = lastbit.
re-repair failed (1) with hdr.info.hdr.magic = add.
re-repair failed (1) with hdr.info.hdr.magic = sub.
re-repair failed (1) with hdr.info.hdr.magic = random.
re-repair failed (1) with hdr.info.bno = zeroes.
re-repair failed (1) with hdr.info.bno = ones.
re-repair failed (1) with hdr.info.bno = firstbit.
re-repair failed (1) with hdr.info.bno = middlebit.
re-repair failed (1) with hdr.info.bno = lastbit.
re-repair failed (1) with hdr.info.bno = add.
re-repair failed (1) with hdr.info.bno = sub.
re-repair failed (1) with hdr.info.bno = random.
re-repair failed (1) with hdr.info.uuid = zeroes.
re-repair failed (1) with hdr.info.uuid = ones.
re-repair failed (1) with hdr.info.uuid = firstbit.
re-repair failed (1) with hdr.info.uuid = middlebit.
re-repair failed (1) with hdr.info.uuid = lastbit.
re-repair failed (1) with hdr.info.uuid = random.
re-repair failed (1) with hdr.info.owner = zeroes.
re-repair failed (1) with hdr.info.owner = ones.
re-repair failed (1) with hdr.info.owner = firstbit.
re-repair failed (1) with hdr.info.owner = middlebit.
re-repair failed (1) with hdr.info.owner = lastbit.
re-repair failed (1) with hdr.info.owner = add.
re-repair failed (1) with hdr.info.owner = sub.
re-repair failed (1) with hdr.info.owner = random.
re-repair failed (139) with hdr.count = zeroes.
re-repair failed (1) with hdr.count = ones.
re-repair failed (1) with hdr.count = firstbit.
re-repair failed (1) with hdr.count = middlebit.
re-repair failed (1) with hdr.count = lastbit.
re-repair failed (1) with hdr.count = add.
re-repair failed (1) with hdr.count = sub.
re-repair failed (1) with hdr.count = random.
re-repair failed (1) with hdr.level = zeroes.
re-repair failed (1) with hdr.level = ones.
re-repair failed (1) with hdr.level = firstbit.
re-repair failed (1) with hdr.level = middlebit.
re-repair failed (1) with hdr.level = lastbit.
re-repair failed (1) with hdr.level = add.
re-repair failed (1) with hdr.level = sub.
re-repair failed (1) with hdr.level = random.
re-repair failed (1) with btree[0].hashval = zeroes.
re-repair failed (1) with btree[0].hashval = ones.
re-repair failed (1) with btree[0].hashval = firstbit.
re-repair failed (1) with btree[0].hashval = middlebit.
re-repair failed (1) with btree[0].hashval = lastbit.
re-repair failed (1) with btree[0].hashval = add.
re-repair failed (1) with btree[0].hashval = sub.
re-repair failed (1) with btree[0].hashval = random.
re-repair failed (1) with btree[0].before = zeroes.
re-repair failed (1) with btree[0].before = ones.
re-repair failed (1) with btree[0].before = firstbit.
re-repair failed (1) with btree[0].before = middlebit.
re-repair failed (1) with btree[0].before = lastbit.
re-repair failed (1) with btree[0].before = add.
re-repair failed (1) with btree[0].before = sub.
re-repair failed (1) with btree[0].before = random.
Done fuzzing node-format attr block
