QA output created by 1414
Format and populate
Find external attr block
Fuzz external attr block
Done fuzzing external attr block
