QA output created by 1415
Format and populate
Fuzz rtrmapbt recs
Done fuzzing rtrmapbt recs
