QA output created by 1416
Format and populate
Fuzz rtrmapbt keyptrs
Done fuzzing rtrmapbt keyptrs
