QA output created by 1417
Format and populate
Fuzz refcountbt
Done fuzzing refcountbt
