QA output created by 1418
Format and populate
Find btree-format attr inode
Fuzz inode
Done fuzzing inode
