QA output created by 1419
Format and populate
Find blockdev inode
Fuzz inode
Done fuzzing inode
