QA output created by 1421
Format and populate
Fuzz user 0 dquot
Done fuzzing dquot
