QA output created by 1422
Format and populate
Fuzz group 0 dquot
Done fuzzing dquot
