QA output created by 1423
Format and populate
Fuzz project 0 dquot
Done fuzzing dquot
