QA output created by 369
Format and populate
Fuzz rmapbt recs
offline re-scrub (1) with numrecs = zeroes.
re-repair failed (134) with numrecs = zeroes.
online repair failed (1) with rightsib = ones.
offline re-scrub (1) with rightsib = ones.
online re-scrub (1) with rightsib = ones.
re-repair failed (1) with rightsib = ones.
offline re-scrub (1) with rightsib = lastbit.
re-repair failed (1) with rightsib = lastbit.
scrub didn't fail with lsn = zeroes.
scrub didn't fail with lsn = ones.
scrub didn't fail with lsn = firstbit.
scrub didn't fail with lsn = middlebit.
scrub didn't fail with lsn = lastbit.
scrub didn't fail with lsn = add.
offline re-scrub (1) with lsn = add.
scrub didn't fail with lsn = sub.
scrub didn't fail with lsn = random.
Done fuzzing rmapbt recs
