QA output created by 403
Format and populate
Find node-format attr block
Fuzz node-format attr block
online repair failed (1) with hdr.info.hdr.forw = ones.
offline re-scrub (1) with hdr.info.hdr.forw = ones.
online re-scrub (1) with hdr.info.hdr.forw = ones.
re-repair failed (1) with hdr.info.hdr.forw = ones.
online repair failed (1) with hdr.info.hdr.forw = firstbit.
offline re-scrub (1) with hdr.info.hdr.forw = firstbit.
online re-scrub (1) with hdr.info.hdr.forw = firstbit.
re-repair failed (1) with hdr.info.hdr.forw = firstbit.
online repair failed (1) with hdr.info.hdr.forw = middlebit.
offline re-scrub (1) with hdr.info.hdr.forw = middlebit.
online re-scrub (1) with hdr.info.hdr.forw = middlebit.
re-repair failed (1) with hdr.info.hdr.forw = middlebit.
online repair failed (1) with hdr.info.hdr.forw = lastbit.
offline re-scrub (1) with hdr.info.hdr.forw = lastbit.
online re-scrub (1) with hdr.info.hdr.forw = lastbit.
re-repair failed (1) with hdr.info.hdr.forw = lastbit.
online repair failed (1) with hdr.info.hdr.forw = add.
offline re-scrub (1) with hdr.info.hdr.forw = add.
online re-scrub (1) with hdr.info.hdr.forw = add.
re-repair failed (1) with hdr.info.hdr.forw = add.
online repair failed (1) with hdr.info.hdr.forw = sub.
offline re-scrub (1) with hdr.info.hdr.forw = sub.
online re-scrub (1) with hdr.info.hdr.forw = sub.
re-repair failed (1) with hdr.info.hdr.forw = sub.
online repair failed (1) with hdr.info.hdr.forw = random.
offline re-scrub (1) with hdr.info.hdr.forw = random.
online re-scrub (1) with hdr.info.hdr.forw = random.
re-repair failed (1) with hdr.info.hdr.forw = random.
online repair failed (1) with hdr.info.hdr.back = ones.
offline re-scrub (1) with hdr.info.hdr.back = ones.
online re-scrub (1) with hdr.info.hdr.back = ones.
re-repair failed (1) with hdr.info.hdr.back = ones.
online repair failed (1) with hdr.info.hdr.back = firstbit.
offline re-scrub (1) with hdr.info.hdr.back = firstbit.
online re-scrub (1) with hdr.info.hdr.back = firstbit.
re-repair failed (1) with hdr.info.hdr.back = firstbit.
online repair failed (1) with hdr.info.hdr.back = middlebit.
offline re-scrub (1) with hdr.info.hdr.back = middlebit.
online re-scrub (1) with hdr.info.hdr.back = middlebit.
re-repair failed (1) with hdr.info.hdr.back = middlebit.
online repair failed (1) with hdr.info.hdr.back = lastbit.
offline re-scrub (1) with hdr.info.hdr.back = lastbit.
online re-scrub (1) with hdr.info.hdr.back = lastbit.
re-repair failed (1) with hdr.info.hdr.back = lastbit.
online repair failed (1) with hdr.info.hdr.back = add.
offline re-scrub (1) with hdr.info.hdr.back = add.
online re-scrub (1) with hdr.info.hdr.back = add.
re-repair failed (1) with hdr.info.hdr.back = add.
online repair failed (1) with hdr.info.hdr.back = sub.
offline re-scrub (1) with hdr.info.hdr.back = sub.
online re-scrub (1) with hdr.info.hdr.back = sub.
re-repair failed (1) with hdr.info.hdr.back = sub.
online repair failed (1) with hdr.info.hdr.back = random.
offline re-scrub (1) with hdr.info.hdr.back = random.
online re-scrub (1) with hdr.info.hdr.back = random.
re-repair failed (1) with hdr.info.hdr.back = random.
online repair failed (1) with hdr.info.hdr.magic = zeroes.
offline re-scrub (1) with hdr.info.hdr.magic = zeroes.
online re-scrub (1) with hdr.info.hdr.magic = zeroes.
re-repair failed (1) with hdr.info.hdr.magic = zeroes.
online repair failed (1) with hdr.info.hdr.magic = ones.
offline re-scrub (1) with hdr.info.hdr.magic = ones.
online re-scrub (1) with hdr.info.hdr.magic = ones.
re-repair failed (1) with hdr.info.hdr.magic = ones.
online repair failed (1) with hdr.info.hdr.magic = firstbit.
offline re-scrub (1) with hdr.info.hdr.magic = firstbit.
online re-scrub (1) with hdr.info.hdr.magic = firstbit.
re-repair failed (1) with hdr.info.hdr.magic = firstbit.
online repair failed (1) with hdr.info.hdr.magic = middlebit.
offline re-scrub (1) with hdr.info.hdr.magic = middlebit.
online re-scrub (1) with hdr.info.hdr.magic = middlebit.
re-repair failed (1) with hdr.info.hdr.magic = middlebit.
online repair failed (1) with hdr.info.hdr.magic = lastbit.
offline re-scrub (1) with hdr.info.hdr.magic = lastbit.
online re-scrub (1) with hdr.info.hdr.magic = lastbit.
re-repair failed (1) with hdr.info.hdr.magic = lastbit.
online repair failed (1) with hdr.info.hdr.magic = add.
offline re-scrub (1) with hdr.info.hdr.magic = add.
online re-scrub (1) with hdr.info.hdr.magic = add.
re-repair failed (1) with hdr.info.hdr.magic = add.
online repair failed (1) with hdr.info.hdr.magic = sub.
offline re-scrub (1) with hdr.info.hdr.magic = sub.
online re-scrub (1) with hdr.info.hdr.magic = sub.
re-repair failed (1) with hdr.info.hdr.magic = sub.
online repair failed (1) with hdr.info.hdr.magic = random.
offline re-scrub (1) with hdr.info.hdr.magic = random.
online re-scrub (1) with hdr.info.hdr.magic = random.
re-repair failed (1) with hdr.info.hdr.magic = random.
online repair failed (1) with hdr.info.crc = zeroes.
online re-scrub (1) with hdr.info.crc = zeroes.
online repair failed (1) with hdr.info.crc = ones.
online re-scrub (1) with hdr.info.crc = ones.
online repair failed (1) with hdr.info.crc = firstbit.
online re-scrub (1) with hdr.info.crc = firstbit.
online repair failed (1) with hdr.info.crc = middlebit.
online re-scrub (1) with hdr.info.crc = middlebit.
online repair failed (1) with hdr.info.crc = lastbit.
online re-scrub (1) with hdr.info.crc = lastbit.
online repair failed (1) with hdr.info.crc = add.
online re-scrub (1) with hdr.info.crc = add.
online repair failed (1) with hdr.info.crc = sub.
online re-scrub (1) with hdr.info.crc = sub.
online repair failed (1) with hdr.info.crc = random.
online re-scrub (1) with hdr.info.crc = random.
online repair failed (1) with hdr.info.bno = zeroes.
offline re-scrub (1) with hdr.info.bno = zeroes.
online re-scrub (1) with hdr.info.bno = zeroes.
re-repair failed (1) with hdr.info.bno = zeroes.
online repair failed (1) with hdr.info.bno = ones.
offline re-scrub (1) with hdr.info.bno = ones.
online re-scrub (1) with hdr.info.bno = ones.
re-repair failed (1) with hdr.info.bno = ones.
online repair failed (1) with hdr.info.bno = firstbit.
offline re-scrub (1) with hdr.info.bno = firstbit.
online re-scrub (1) with hdr.info.bno = firstbit.
re-repair failed (1) with hdr.info.bno = firstbit.
online repair failed (1) with hdr.info.bno = middlebit.
offline re-scrub (1) with hdr.info.bno = middlebit.
online re-scrub (1) with hdr.info.bno = middlebit.
re-repair failed (1) with hdr.info.bno = middlebit.
online repair failed (1) with hdr.info.bno = lastbit.
offline re-scrub (1) with hdr.info.bno = lastbit.
online re-scrub (1) with hdr.info.bno = lastbit.
re-repair failed (1) with hdr.info.bno = lastbit.
online repair failed (1) with hdr.info.bno = add.
offline re-scrub (1) with hdr.info.bno = add.
online re-scrub (1) with hdr.info.bno = add.
re-repair failed (1) with hdr.info.bno = add.
online repair failed (1) with hdr.info.bno = sub.
offline re-scrub (1) with hdr.info.bno = sub.
online re-scrub (1) with hdr.info.bno = sub.
re-repair failed (1) with hdr.info.bno = sub.
online repair failed (1) with hdr.info.bno = random.
offline re-scrub (1) with hdr.info.bno = random.
online re-scrub (1) with hdr.info.bno = random.
re-repair failed (1) with hdr.info.bno = random.
scrub didn't fail with hdr.info.lsn = zeroes.
scrub didn't fail with hdr.info.lsn = ones.
online repair failed (1) with hdr.info.lsn = firstbit.
online re-scrub (1) with hdr.info.lsn = firstbit.
online repair failed (1) with hdr.info.lsn = middlebit.
online re-scrub (1) with hdr.info.lsn = middlebit.
scrub didn't fail with hdr.info.lsn = lastbit.
online repair failed (1) with hdr.info.lsn = add.
scrub didn't fail with hdr.info.lsn = sub.
online repair failed (1) with hdr.info.lsn = random.
offline re-scrub (1) with hdr.info.lsn = random.
online re-scrub (1) with hdr.info.lsn = random.
re-repair failed (1) with hdr.info.lsn = random.
online repair failed (1) with hdr.info.uuid = zeroes.
offline re-scrub (1) with hdr.info.uuid = zeroes.
online re-scrub (1) with hdr.info.uuid = zeroes.
re-repair failed (1) with hdr.info.uuid = zeroes.
online repair failed (1) with hdr.info.uuid = ones.
offline re-scrub (1) with hdr.info.uuid = ones.
online re-scrub (1) with hdr.info.uuid = ones.
re-repair failed (1) with hdr.info.uuid = ones.
online repair failed (1) with hdr.info.uuid = firstbit.
offline re-scrub (1) with hdr.info.uuid = firstbit.
online re-scrub (1) with hdr.info.uuid = firstbit.
re-repair failed (1) with hdr.info.uuid = firstbit.
online repair failed (1) with hdr.info.uuid = middlebit.
offline re-scrub (1) with hdr.info.uuid = middlebit.
online re-scrub (1) with hdr.info.uuid = middlebit.
re-repair failed (1) with hdr.info.uuid = middlebit.
online repair failed (1) with hdr.info.uuid = lastbit.
offline re-scrub (1) with hdr.info.uuid = lastbit.
online re-scrub (1) with hdr.info.uuid = lastbit.
re-repair failed (1) with hdr.info.uuid = lastbit.
online repair failed (1) with hdr.info.uuid = random.
offline re-scrub (1) with hdr.info.uuid = random.
online re-scrub (1) with hdr.info.uuid = random.
re-repair failed (1) with hdr.info.uuid = random.
online repair failed (1) with hdr.info.owner = zeroes.
offline re-scrub (1) with hdr.info.owner = zeroes.
online re-scrub (1) with hdr.info.owner = zeroes.
re-repair failed (1) with hdr.info.owner = zeroes.
online repair failed (1) with hdr.info.owner = ones.
offline re-scrub (1) with hdr.info.owner = ones.
online re-scrub (1) with hdr.info.owner = ones.
re-repair failed (1) with hdr.info.owner = ones.
online repair failed (1) with hdr.info.owner = firstbit.
offline re-scrub (1) with hdr.info.owner = firstbit.
online re-scrub (1) with hdr.info.owner = firstbit.
re-repair failed (1) with hdr.info.owner = firstbit.
online repair failed (1) with hdr.info.owner = middlebit.
offline re-scrub (1) with hdr.info.owner = middlebit.
online re-scrub (1) with hdr.info.owner = middlebit.
re-repair failed (1) with hdr.info.owner = middlebit.
online repair failed (1) with hdr.info.owner = lastbit.
offline re-scrub (1) with hdr.info.owner = lastbit.
online re-scrub (1) with hdr.info.owner = lastbit.
re-repair failed (1) with hdr.info.owner = lastbit.
online repair failed (1) with hdr.info.owner = add.
offline re-scrub (1) with hdr.info.owner = add.
online re-scrub (1) with hdr.info.owner = add.
re-repair failed (1) with hdr.info.owner = add.
online repair failed (1) with hdr.info.owner = sub.
offline re-scrub (1) with hdr.info.owner = sub.
online re-scrub (1) with hdr.info.owner = sub.
re-repair failed (1) with hdr.info.owner = sub.
online repair failed (1) with hdr.info.owner = random.
offline re-scrub (1) with hdr.info.owner = random.
online re-scrub (1) with hdr.info.owner = random.
re-repair failed (1) with hdr.info.owner = random.
online repair failed (1) with hdr.count = zeroes.
offline re-scrub (139) with hdr.count = zeroes.
online re-scrub (1) with hdr.count = zeroes.
re-repair failed (139) with hdr.count = zeroes.
online repair failed (1) with hdr.count = ones.
offline re-scrub (1) with hdr.count = ones.
online re-scrub (1) with hdr.count = ones.
re-repair failed (1) with hdr.count = ones.
online repair failed (1) with hdr.count = firstbit.
offline re-scrub (1) with hdr.count = firstbit.
online re-scrub (1) with hdr.count = firstbit.
re-repair failed (1) with hdr.count = firstbit.
online repair failed (1) with hdr.count = middlebit.
offline re-scrub (1) with hdr.count = middlebit.
online re-scrub (1) with hdr.count = middlebit.
re-repair failed (1) with hdr.count = middlebit.
online repair failed (1) with hdr.count = lastbit.
offline re-scrub (1) with hdr.count = lastbit.
online re-scrub (1) with hdr.count = lastbit.
re-repair failed (1) with hdr.count = lastbit.
online repair failed (1) with hdr.count = add.
offline re-scrub (1) with hdr.count = add.
online re-scrub (1) with hdr.count = add.
re-repair failed (1) with hdr.count = add.
online repair failed (1) with hdr.count = sub.
offline re-scrub (1) with hdr.count = sub.
online re-scrub (1) with hdr.count = sub.
re-repair failed (1) with hdr.count = sub.
online repair failed (1) with hdr.count = random.
offline re-scrub (1) with hdr.count = random.
online re-scrub (1) with hdr.count = random.
re-repair failed (1) with hdr.count = random.
online repair failed (1) with hdr.level = zeroes.
offline re-scrub (1) with hdr.level = zeroes.
online re-scrub (1) with hdr.level = zeroes.
re-repair failed (1) with hdr.level = zeroes.
online repair failed (1) with hdr.level = ones.
offline re-scrub (1) with hdr.level = ones.
online re-scrub (1) with hdr.level = ones.
re-repair failed (1) with hdr.level = ones.
online repair failed (1) with hdr.level = firstbit.
offline re-scrub (1) with hdr.level = firstbit.
online re-scrub (1) with hdr.level = firstbit.
re-repair failed (1) with hdr.level = firstbit.
online repair failed (1) with hdr.level = middlebit.
offline re-scrub (1) with hdr.level = middlebit.
online re-scrub (1) with hdr.level = middlebit.
re-repair failed (1) with hdr.level = middlebit.
online repair failed (1) with hdr.level = lastbit.
offline re-scrub (1) with hdr.level = lastbit.
online re-scrub (1) with hdr.level = lastbit.
re-repair failed (1) with hdr.level = lastbit.
online repair failed (1) with hdr.level = add.
offline re-scrub (1) with hdr.level = add.
online re-scrub (1) with hdr.level = add.
re-repair failed (1) with hdr.level = add.
online repair failed (1) with hdr.level = sub.
offline re-scrub (1) with hdr.level = sub.
online re-scrub (1) with hdr.level = sub.
re-repair failed (1) with hdr.level = sub.
online repair failed (1) with hdr.level = random.
offline re-scrub (1) with hdr.level = random.
online re-scrub (1) with hdr.level = random.
re-repair failed (1) with hdr.level = random.
online repair failed (1) with btree[0].hashval = zeroes.
offline re-scrub (1) with btree[0].hashval = zeroes.
online re-scrub (1) with btree[0].hashval = zeroes.
re-repair failed (1) with btree[0].hashval = zeroes.
online repair failed (1) with btree[0].hashval = ones.
offline re-scrub (1) with btree[0].hashval = ones.
online re-scrub (1) with btree[0].hashval = ones.
re-repair failed (1) with btree[0].hashval = ones.
online repair failed (1) with btree[0].hashval = firstbit.
offline re-scrub (1) with btree[0].hashval = firstbit.
online re-scrub (1) with btree[0].hashval = firstbit.
re-repair failed (1) with btree[0].hashval = firstbit.
online repair failed (1) with btree[0].hashval = middlebit.
offline re-scrub (1) with btree[0].hashval = middlebit.
online re-scrub (1) with btree[0].hashval = middlebit.
re-repair failed (1) with btree[0].hashval = middlebit.
online repair failed (1) with btree[0].hashval = lastbit.
offline re-scrub (1) with btree[0].hashval = lastbit.
online re-scrub (1) with btree[0].hashval = lastbit.
re-repair failed (1) with btree[0].hashval = lastbit.
scrub didn't fail with btree[0].hashval = add.
offline re-scrub (1) with btree[0].hashval = add.
re-repair failed (1) with btree[0].hashval = add.
online repair failed (1) with btree[0].hashval = sub.
offline re-scrub (1) with btree[0].hashval = sub.
online re-scrub (1) with btree[0].hashval = sub.
re-repair failed (1) with btree[0].hashval = sub.
online repair failed (1) with btree[0].hashval = random.
offline re-scrub (1) with btree[0].hashval = random.
online re-scrub (1) with btree[0].hashval = random.
re-repair failed (1) with btree[0].hashval = random.
online repair failed (1) with btree[0].before = zeroes.
offline re-scrub (1) with btree[0].before = zeroes.
online re-scrub (1) with btree[0].before = zeroes.
re-repair failed (1) with btree[0].before = zeroes.
online repair failed (1) with btree[0].before = ones.
offline re-scrub (1) with btree[0].before = ones.
online re-scrub (1) with btree[0].before = ones.
re-repair failed (1) with btree[0].before = ones.
online repair failed (1) with btree[0].before = firstbit.
offline re-scrub (1) with btree[0].before = firstbit.
online re-scrub (1) with btree[0].before = firstbit.
re-repair failed (1) with btree[0].before = firstbit.
online repair failed (1) with btree[0].before = middlebit.
offline re-scrub (1) with btree[0].before = middlebit.
online re-scrub (1) with btree[0].before = middlebit.
re-repair failed (1) with btree[0].before = middlebit.
online repair failed (1) with btree[0].before = lastbit.
offline re-scrub (1) with btree[0].before = lastbit.
online re-scrub (1) with btree[0].before = lastbit.
re-repair failed (1) with btree[0].before = lastbit.
online repair failed (1) with btree[0].before = add.
offline re-scrub (1) with btree[0].before = add.
online re-scrub (1) with btree[0].before = add.
re-repair failed (1) with btree[0].before = add.
online repair failed (1) with btree[0].before = sub.
offline re-scrub (1) with btree[0].before = sub.
online re-scrub (1) with btree[0].before = sub.
re-repair failed (1) with btree[0].before = sub.
online repair failed (1) with btree[0].before = random.
offline re-scrub (1) with btree[0].before = random.
online re-scrub (1) with btree[0].before = random.
re-repair failed (1) with btree[0].before = random.
Done fuzzing node-format attr block
