QA output created by 405
Format and populate
Find external attr block
Fuzz external attr block
online repair failed (1) with hdr.magic = zeroes.
online re-scrub (1) with hdr.magic = zeroes.
online repair failed (1) with hdr.magic = ones.
online re-scrub (1) with hdr.magic = ones.
online repair failed (1) with hdr.magic = firstbit.
online re-scrub (1) with hdr.magic = firstbit.
online repair failed (1) with hdr.magic = middlebit.
online re-scrub (1) with hdr.magic = middlebit.
online repair failed (1) with hdr.magic = lastbit.
online re-scrub (1) with hdr.magic = lastbit.
online repair failed (1) with hdr.magic = add.
online re-scrub (1) with hdr.magic = add.
online repair failed (1) with hdr.magic = sub.
online re-scrub (1) with hdr.magic = sub.
online repair failed (1) with hdr.magic = random.
online re-scrub (1) with hdr.magic = random.
online repair failed (1) with hdr.offset = ones.
online re-scrub (1) with hdr.offset = ones.
online repair failed (1) with hdr.offset = firstbit.
online re-scrub (1) with hdr.offset = firstbit.
online repair failed (1) with hdr.offset = middlebit.
online re-scrub (1) with hdr.offset = middlebit.
online repair failed (1) with hdr.offset = lastbit.
online re-scrub (1) with hdr.offset = lastbit.
online repair failed (1) with hdr.offset = add.
online re-scrub (1) with hdr.offset = add.
online repair failed (1) with hdr.offset = sub.
online re-scrub (1) with hdr.offset = sub.
online repair failed (1) with hdr.offset = random.
online re-scrub (1) with hdr.offset = random.
online repair failed (1) with hdr.bytes = zeroes.
online re-scrub (1) with hdr.bytes = zeroes.
online repair failed (1) with hdr.bytes = ones.
online re-scrub (1) with hdr.bytes = ones.
online repair failed (1) with hdr.bytes = firstbit.
online re-scrub (1) with hdr.bytes = firstbit.
online repair failed (1) with hdr.bytes = middlebit.
online re-scrub (1) with hdr.bytes = middlebit.
online repair failed (1) with hdr.bytes = lastbit.
online re-scrub (1) with hdr.bytes = lastbit.
online repair failed (1) with hdr.bytes = add.
online re-scrub (1) with hdr.bytes = add.
online repair failed (1) with hdr.bytes = sub.
online re-scrub (1) with hdr.bytes = sub.
online repair failed (1) with hdr.bytes = random.
online re-scrub (1) with hdr.bytes = random.
online repair failed (1) with hdr.crc = zeroes.
online re-scrub (1) with hdr.crc = zeroes.
online repair failed (1) with hdr.crc = ones.
online re-scrub (1) with hdr.crc = ones.
online repair failed (1) with hdr.crc = firstbit.
online re-scrub (1) with hdr.crc = firstbit.
online repair failed (1) with hdr.crc = middlebit.
online re-scrub (1) with hdr.crc = middlebit.
online repair failed (1) with hdr.crc = lastbit.
online re-scrub (1) with hdr.crc = lastbit.
online repair failed (1) with hdr.crc = add.
online re-scrub (1) with hdr.crc = add.
online repair failed (1) with hdr.crc = sub.
online re-scrub (1) with hdr.crc = sub.
online repair failed (1) with hdr.crc = random.
online re-scrub (1) with hdr.crc = random.
online repair failed (1) with hdr.uuid = zeroes.
online re-scrub (1) with hdr.uuid = zeroes.
online repair failed (1) with hdr.uuid = ones.
online re-scrub (1) with hdr.uuid = ones.
online repair failed (1) with hdr.uuid = firstbit.
online re-scrub (1) with hdr.uuid = firstbit.
online repair failed (1) with hdr.uuid = middlebit.
online re-scrub (1) with hdr.uuid = middlebit.
online repair failed (1) with hdr.uuid = lastbit.
online re-scrub (1) with hdr.uuid = lastbit.
online repair failed (1) with hdr.uuid = random.
online re-scrub (1) with hdr.uuid = random.
online repair failed (1) with hdr.owner = zeroes.
online re-scrub (1) with hdr.owner = zeroes.
online repair failed (1) with hdr.owner = ones.
online re-scrub (1) with hdr.owner = ones.
online repair failed (1) with hdr.owner = firstbit.
online re-scrub (1) with hdr.owner = firstbit.
online repair failed (1) with hdr.owner = middlebit.
online re-scrub (1) with hdr.owner = middlebit.
online repair failed (1) with hdr.owner = lastbit.
online re-scrub (1) with hdr.owner = lastbit.
online repair failed (1) with hdr.owner = add.
online re-scrub (1) with hdr.owner = add.
online repair failed (1) with hdr.owner = sub.
online re-scrub (1) with hdr.owner = sub.
online repair failed (1) with hdr.owner = random.
online re-scrub (1) with hdr.owner = random.
online repair failed (1) with hdr.bno = zeroes.
online re-scrub (1) with hdr.bno = zeroes.
online repair failed (1) with hdr.bno = ones.
online re-scrub (1) with hdr.bno = ones.
online repair failed (1) with hdr.bno = firstbit.
online re-scrub (1) with hdr.bno = firstbit.
online repair failed (1) with hdr.bno = middlebit.
online re-scrub (1) with hdr.bno = middlebit.
online repair failed (1) with hdr.bno = lastbit.
online re-scrub (1) with hdr.bno = lastbit.
online repair failed (1) with hdr.bno = add.
online re-scrub (1) with hdr.bno = add.
online repair failed (1) with hdr.bno = sub.
online re-scrub (1) with hdr.bno = sub.
online repair failed (1) with hdr.bno = random.
online re-scrub (1) with hdr.bno = random.
scrub didn't fail with hdr.lsn = zeroes.
scrub didn't fail with hdr.lsn = firstbit.
scrub didn't fail with hdr.lsn = middlebit.
scrub didn't fail with hdr.lsn = lastbit.
scrub didn't fail with hdr.lsn = add.
scrub didn't fail with hdr.lsn = sub.
scrub didn't fail with hdr.lsn = random.
scrub didn't fail with data = zeroes.
scrub didn't fail with data = ones.
scrub didn't fail with data = firstbit.
scrub didn't fail with data = middlebit.
scrub didn't fail with data = lastbit.
scrub didn't fail with data = random.
Done fuzzing external attr block
