QA output created by 430
Format and populate
Fuzz project 0 dquot
online repair failed (1) with diskdq.magic = zeroes.
online re-scrub (1) with diskdq.magic = zeroes.
online repair failed (1) with diskdq.magic = ones.
online re-scrub (1) with diskdq.magic = ones.
online repair failed (1) with diskdq.magic = firstbit.
online re-scrub (1) with diskdq.magic = firstbit.
online repair failed (1) with diskdq.magic = middlebit.
online re-scrub (1) with diskdq.magic = middlebit.
online repair failed (1) with diskdq.magic = lastbit.
online re-scrub (1) with diskdq.magic = lastbit.
online repair failed (1) with diskdq.magic = add.
online re-scrub (1) with diskdq.magic = add.
online repair failed (1) with diskdq.magic = sub.
online re-scrub (1) with diskdq.magic = sub.
online repair failed (1) with diskdq.magic = random.
online re-scrub (1) with diskdq.magic = random.
online repair failed (1) with diskdq.version = zeroes.
online re-scrub (1) with diskdq.version = zeroes.
online repair failed (1) with diskdq.version = ones.
online re-scrub (1) with diskdq.version = ones.
online repair failed (1) with diskdq.version = firstbit.
online re-scrub (1) with diskdq.version = firstbit.
online repair failed (1) with diskdq.version = middlebit.
online re-scrub (1) with diskdq.version = middlebit.
online repair failed (1) with diskdq.version = lastbit.
online re-scrub (1) with diskdq.version = lastbit.
online repair failed (1) with diskdq.version = add.
online re-scrub (1) with diskdq.version = add.
online repair failed (1) with diskdq.version = sub.
online re-scrub (1) with diskdq.version = sub.
online repair failed (1) with diskdq.version = random.
online re-scrub (1) with diskdq.version = random.
online repair failed (1) with diskdq.flags = zeroes.
online re-scrub (1) with diskdq.flags = zeroes.
online repair failed (1) with diskdq.flags = ones.
online re-scrub (1) with diskdq.flags = ones.
online repair failed (1) with diskdq.flags = firstbit.
online re-scrub (1) with diskdq.flags = firstbit.
online repair failed (1) with diskdq.flags = middlebit.
online re-scrub (1) with diskdq.flags = middlebit.
online repair failed (1) with diskdq.flags = lastbit.
online re-scrub (1) with diskdq.flags = lastbit.
online repair failed (1) with diskdq.flags = add.
online re-scrub (1) with diskdq.flags = add.
online repair failed (1) with diskdq.flags = sub.
online re-scrub (1) with diskdq.flags = sub.
online repair failed (1) with diskdq.flags = random.
online re-scrub (1) with diskdq.flags = random.
online repair failed (1) with diskdq.id = ones.
online re-scrub (1) with diskdq.id = ones.
online repair failed (1) with diskdq.id = firstbit.
online re-scrub (1) with diskdq.id = firstbit.
online repair failed (1) with diskdq.id = middlebit.
online re-scrub (1) with diskdq.id = middlebit.
online repair failed (1) with diskdq.id = lastbit.
online re-scrub (1) with diskdq.id = lastbit.
online repair failed (1) with diskdq.id = add.
online re-scrub (1) with diskdq.id = add.
online repair failed (1) with diskdq.id = sub.
online re-scrub (1) with diskdq.id = sub.
online repair failed (1) with diskdq.id = random.
online re-scrub (1) with diskdq.id = random.
scrub didn't fail with diskdq.blk_hardlimit = ones.
scrub didn't fail with diskdq.blk_hardlimit = firstbit.
scrub didn't fail with diskdq.blk_hardlimit = middlebit.
scrub didn't fail with diskdq.blk_hardlimit = lastbit.
scrub didn't fail with diskdq.blk_hardlimit = add.
scrub didn't fail with diskdq.blk_hardlimit = sub.
scrub didn't fail with diskdq.blk_hardlimit = random.
scrub didn't fail with diskdq.blk_softlimit = ones.
scrub didn't fail with diskdq.blk_softlimit = firstbit.
scrub didn't fail with diskdq.blk_softlimit = middlebit.
scrub didn't fail with diskdq.blk_softlimit = lastbit.
scrub didn't fail with diskdq.blk_softlimit = add.
scrub didn't fail with diskdq.blk_softlimit = sub.
scrub didn't fail with diskdq.blk_softlimit = random.
scrub didn't fail with diskdq.ino_hardlimit = ones.
scrub didn't fail with diskdq.ino_hardlimit = firstbit.
scrub didn't fail with diskdq.ino_hardlimit = middlebit.
scrub didn't fail with diskdq.ino_hardlimit = lastbit.
scrub didn't fail with diskdq.ino_hardlimit = add.
scrub didn't fail with diskdq.ino_hardlimit = sub.
scrub didn't fail with diskdq.ino_hardlimit = random.
scrub didn't fail with diskdq.ino_softlimit = ones.
scrub didn't fail with diskdq.ino_softlimit = firstbit.
scrub didn't fail with diskdq.ino_softlimit = middlebit.
scrub didn't fail with diskdq.ino_softlimit = lastbit.
scrub didn't fail with diskdq.ino_softlimit = add.
scrub didn't fail with diskdq.ino_softlimit = sub.
scrub didn't fail with diskdq.ino_softlimit = random.
scrub didn't fail with diskdq.bcount = zeroes.
scrub didn't fail with diskdq.bcount = ones.
scrub didn't fail with diskdq.bcount = firstbit.
scrub didn't fail with diskdq.bcount = middlebit.
scrub didn't fail with diskdq.bcount = lastbit.
scrub didn't fail with diskdq.bcount = add.
scrub didn't fail with diskdq.bcount = sub.
scrub didn't fail with diskdq.bcount = random.
scrub didn't fail with diskdq.icount = zeroes.
scrub didn't fail with diskdq.icount = ones.
scrub didn't fail with diskdq.icount = firstbit.
scrub didn't fail with diskdq.icount = middlebit.
scrub didn't fail with diskdq.icount = lastbit.
scrub didn't fail with diskdq.icount = add.
scrub didn't fail with diskdq.icount = sub.
scrub didn't fail with diskdq.icount = random.
scrub didn't fail with diskdq.itimer = ones.
scrub didn't fail with diskdq.itimer = firstbit.
scrub didn't fail with diskdq.itimer = middlebit.
scrub didn't fail with diskdq.itimer = lastbit.
scrub didn't fail with diskdq.itimer = add.
scrub didn't fail with diskdq.itimer = sub.
scrub didn't fail with diskdq.itimer = random.
scrub didn't fail with diskdq.btimer = ones.
scrub didn't fail with diskdq.btimer = firstbit.
scrub didn't fail with diskdq.btimer = middlebit.
scrub didn't fail with diskdq.btimer = lastbit.
scrub didn't fail with diskdq.btimer = add.
scrub didn't fail with diskdq.btimer = sub.
scrub didn't fail with diskdq.btimer = random.
scrub didn't fail with diskdq.iwarns = ones.
scrub didn't fail with diskdq.iwarns = firstbit.
scrub didn't fail with diskdq.iwarns = middlebit.
scrub didn't fail with diskdq.iwarns = lastbit.
scrub didn't fail with diskdq.iwarns = add.
scrub didn't fail with diskdq.iwarns = sub.
scrub didn't fail with diskdq.iwarns = random.
scrub didn't fail with diskdq.bwarns = ones.
scrub didn't fail with diskdq.bwarns = firstbit.
scrub didn't fail with diskdq.bwarns = middlebit.
scrub didn't fail with diskdq.bwarns = lastbit.
scrub didn't fail with diskdq.bwarns = add.
scrub didn't fail with diskdq.bwarns = sub.
scrub didn't fail with diskdq.bwarns = random.
scrub didn't fail with diskdq.rtb_hardlimit = ones.
scrub didn't fail with diskdq.rtb_hardlimit = firstbit.
scrub didn't fail with diskdq.rtb_hardlimit = middlebit.
scrub didn't fail with diskdq.rtb_hardlimit = lastbit.
scrub didn't fail with diskdq.rtb_hardlimit = add.
scrub didn't fail with diskdq.rtb_hardlimit = sub.
scrub didn't fail with diskdq.rtb_hardlimit = random.
scrub didn't fail with diskdq.rtb_softlimit = ones.
scrub didn't fail with diskdq.rtb_softlimit = firstbit.
scrub didn't fail with diskdq.rtb_softlimit = middlebit.
scrub didn't fail with diskdq.rtb_softlimit = lastbit.
scrub didn't fail with diskdq.rtb_softlimit = add.
scrub didn't fail with diskdq.rtb_softlimit = sub.
scrub didn't fail with diskdq.rtb_softlimit = random.
scrub didn't fail with diskdq.rtbcount = ones.
scrub didn't fail with diskdq.rtbcount = firstbit.
scrub didn't fail with diskdq.rtbcount = middlebit.
scrub didn't fail with diskdq.rtbcount = lastbit.
scrub didn't fail with diskdq.rtbcount = add.
scrub didn't fail with diskdq.rtbcount = sub.
scrub didn't fail with diskdq.rtbcount = random.
scrub didn't fail with diskdq.rtbtimer = ones.
scrub didn't fail with diskdq.rtbtimer = firstbit.
scrub didn't fail with diskdq.rtbtimer = middlebit.
scrub didn't fail with diskdq.rtbtimer = lastbit.
scrub didn't fail with diskdq.rtbtimer = add.
scrub didn't fail with diskdq.rtbtimer = sub.
scrub didn't fail with diskdq.rtbtimer = random.
scrub didn't fail with diskdq.rtbwarns = ones.
scrub didn't fail with diskdq.rtbwarns = firstbit.
scrub didn't fail with diskdq.rtbwarns = middlebit.
scrub didn't fail with diskdq.rtbwarns = lastbit.
scrub didn't fail with diskdq.rtbwarns = add.
scrub didn't fail with diskdq.rtbwarns = sub.
scrub didn't fail with diskdq.rtbwarns = random.
online repair failed (1) with crc = zeroes.
online re-scrub (1) with crc = zeroes.
online repair failed (1) with crc = ones.
online re-scrub (1) with crc = ones.
online repair failed (1) with crc = firstbit.
online re-scrub (1) with crc = firstbit.
online repair failed (1) with crc = middlebit.
online re-scrub (1) with crc = middlebit.
online repair failed (1) with crc = lastbit.
online re-scrub (1) with crc = lastbit.
online repair failed (1) with crc = add.
online re-scrub (1) with crc = add.
online repair failed (1) with crc = sub.
online re-scrub (1) with crc = sub.
online repair failed (1) with crc = random.
online re-scrub (1) with crc = random.
scrub didn't fail with lsn = zeroes.
scrub didn't fail with lsn = ones.
scrub didn't fail with lsn = firstbit.
scrub didn't fail with lsn = middlebit.
scrub didn't fail with lsn = lastbit.
scrub didn't fail with lsn = add.
scrub didn't fail with lsn = sub.
scrub didn't fail with lsn = random.
online repair failed (1) with uuid = zeroes.
online re-scrub (1) with uuid = zeroes.
online repair failed (1) with uuid = ones.
online re-scrub (1) with uuid = ones.
online repair failed (1) with uuid = firstbit.
online re-scrub (1) with uuid = firstbit.
online repair failed (1) with uuid = middlebit.
online re-scrub (1) with uuid = middlebit.
online repair failed (1) with uuid = lastbit.
online re-scrub (1) with uuid = lastbit.
online repair failed (1) with uuid = random.
online re-scrub (1) with uuid = random.
Done fuzzing dquot
