QA output created by 709
TEST fix_end
TEST fix_start
TEST fix_wrap
TEST start_zero
TEST good_end
TEST good_start
TEST good_wrap
TEST bad_start
ASSERT flfirst < good_agfl_size - 1
ASSERT flfirst < fllast
TEST no_move
TEST simple_move
