QA output created by 903
*** init FS
*** test
    *** test 0
    *** test 1
    *** test 2
    *** test 3
    *** test 4
*** done
*** unmount
